refined: 0 coarsened: 239692
refined: 0 coarsened: 54872
refined: 0 coarsened: 12784
refined: 0 coarsened: 2948
refined: 0 coarsened: 660
refined: 0 coarsened: 132
refined: 0 coarsened: 12
maximum error: 0 0 0
eu: avg: 0 stddev: 0 max: 0
div before: 0
refined: 24268 coarsened: 0
div after: 0
maximum error: 0 0 0
eu: avg: 0 stddev: 0 max: 0
